// Bun Snapshot v1, https://bun.sh/docs/test/snapshots

exports[`getICSString should return valid ics string 1`] = `
"BEGIN:VCALENDAR
VERSION:2.0
CALSCALE:GREGORIAN
PRODID:adhancal.eyad.dev
METHOD:PUBLISH
X-WR-CALNAME:Adhancal
X-PUBLISHED-TTL:PT1H
BEGIN:VEVENT
UID:123
SUMMARY:Fajr
DTSTAMP:20260331T150000Z
DTSTART:20260331T060400Z
DTEND:20260331T060100Z
X-MICROSOFT-CDO-BUSYSTATUS:FREE
TRANSP:TRANSPARENT
END:VEVENT
BEGIN:VEVENT
UID:123
SUMMARY:Dhuhr
DTSTAMP:20260331T150000Z
DTSTART:20260331T120400Z
DTEND:20260331T151100Z
X-MICROSOFT-CDO-BUSYSTATUS:FREE
TRANSP:TRANSPARENT
END:VEVENT
BEGIN:VEVENT
UID:123
SUMMARY:Asr
DTSTAMP:20260331T150000Z
DTSTART:20260331T151100Z
DTEND:20260331T180700Z
X-MICROSOFT-CDO-BUSYSTATUS:FREE
TRANSP:TRANSPARENT
END:VEVENT
BEGIN:VEVENT
UID:123
SUMMARY:Maghrib
DTSTAMP:20260331T150000Z
DTSTART:20260331T151100Z
DTEND:20260331T180700Z
X-MICROSOFT-CDO-BUSYSTATUS:FREE
TRANSP:TRANSPARENT
END:VEVENT
BEGIN:VEVENT
UID:123
SUMMARY:Isha
DTSTAMP:20260331T150000Z
DTSTART:20260331T180400Z
DTEND:20260331T235959Z
X-MICROSOFT-CDO-BUSYSTATUS:FREE
TRANSP:TRANSPARENT
END:VEVENT
END:VCALENDAR
"
`;
